// Jest Snapshot v1, https://goo.gl/fbAQLP

exports[`SuccessPage renders the component 1`] = `
<div class="ddm-page-success-layout">
  <div class="form-builder-success-page pb-3 pt-2"><label class="control-label">title</label><input class="form-builder-success-page-title form-control" data-setting="title" type="text" value=""><br><label class="control-label">content</label><input class="form-builder-success-page-content form-control" data-setting="body" type="text" value=""></div>
</div>
`;
