// Jest Snapshot v1, https://goo.gl/fbAQLP

exports[`EditEntry renders 1`] = `
<DocumentFragment>
  <div
    class="tools-control-group"
  >
    <div
      class="control-menu-level-1-heading"
    >
      edit-entry
    </div>
  </div>
  <div
    class="app-builder-form-buttons btn-group"
    role="group"
  >
    <div
      class="btn-group-item"
    >
      <button
        class="btn btn-primary"
        type="button"
      >
        save
      </button>
    </div>
    <div
      class="btn-group-item"
    >
      <button
        class="btn btn-secondary"
        type="button"
      >
        cancel
      </button>
    </div>
  </div>
</DocumentFragment>
`;
