// Jest Snapshot v1, https://goo.gl/fbAQLP

exports[`LayoutProvider Field events activePageUpdated should listen the activePageUpdated event and change the state of the active page for the data wich was received 1`] = `
Array [
  Object {
    "rows": Array [
      Object {
        "columns": Array [
          Object {
            "fields": Array [
              Object {
                "fieldName": "radio",
                "label": "Radio Field",
                "localizedValue": Object {},
                "options": Array [
                  Object {
                    "label": "Option 1",
                    "value": "option1",
                  },
                  Object {
                    "label": "Option 2",
                    "value": "option2",
                  },
                ],
                "readOnly": true,
                "settingsContext": Object {
                  "pages": Array [
                    Object {
                      "rows": Array [
                        Object {
                          "columns": Array [
                            Object {
                              "fields": Array [
                                Object {
                                  "fieldName": "label",
                                  "localizable": true,
                                  "settingsContext": Object {
                                    "pages": Array [
                                      Object {
                                        "rows": Array [
                                          Object {
                                            "columns": Array [],
                                          },
                                        ],
                                      },
                                    ],
                                  },
                                },
                                Object {
                                  "fieldName": "name",
                                },
                                Object {
                                  "fieldName": "required",
                                },
                                Object {
                                  "fieldName": "type",
                                },
                              ],
                              "size": 12,
                            },
                          ],
                        },
                      ],
                    },
                  ],
                },
                "type": "radio",
                "value": undefined,
                "visible": true,
              },
            ],
            "size": 3,
          },
          Object {
            "fields": Array [],
            "size": 9,
          },
        ],
      },
      Object {
        "columns": Array [
          Object {
            "fields": Array [
              Object {
                "fieldName": "text1",
                "label": "Text Field 1",
                "localizedValue": Object {},
                "readOnly": true,
                "required": true,
                "settingsContext": Object {
                  "pages": Array [],
                },
                "type": "text",
                "value": undefined,
                "visible": true,
              },
              Object {
                "fieldName": "text2",
                "label": "Text Field 2",
                "localizedValue": Object {},
                "readOnly": true,
                "required": true,
                "settingsContext": Object {
                  "pages": Array [],
                },
                "type": "text",
                "value": undefined,
                "visible": true,
              },
            ],
            "size": 4,
          },
          Object {
            "fields": Array [
              Object {
                "fieldName": "select",
                "label": "Select Field",
                "localizedValue": Object {},
                "options": Array [
                  Object {
                    "label": "Option 1",
                    "value": "option1",
                  },
                  Object {
                    "label": "Option 2",
                    "value": "option2",
                  },
                ],
                "readOnly": true,
                "required": true,
                "settingsContext": Object {
                  "pages": Array [],
                },
                "type": "select",
                "value": undefined,
                "visible": true,
              },
            ],
            "size": 6,
          },
          Object {
            "fields": Array [],
            "size": 2,
          },
        ],
      },
      Object {
        "columns": Array [
          Object {
            "fields": Array [
              Object {
                "fieldName": "date",
                "label": "Date Field",
                "localizedValue": Object {},
                "readOnly": true,
                "required": true,
                "settingsContext": Object {
                  "pages": Array [],
                },
                "type": "date",
                "value": undefined,
                "visible": true,
              },
            ],
            "size": 12,
          },
        ],
      },
      Object {
        "columns": Array [
          Object {
            "fields": Array [
              Object {
                "fieldName": "numeric",
                "label": "Numeric Field",
                "localizedValue": Object {},
                "readOnly": true,
                "required": true,
                "settingsContext": Object {
                  "pages": Array [],
                },
                "type": "numeric",
                "value": undefined,
                "visible": true,
              },
            ],
            "size": 12,
          },
        ],
      },
    ],
    "title": "Untitled name",
  },
]
`;

exports[`LayoutProvider Field events fieldBlurred should listen the fieldBlurred event and change the state of the focusedField to the data receive 1`] = `Object {}`;

exports[`LayoutProvider Field events fieldChangesCanceled should listen the fieldChangesCanceled event and change the state of the focusedField and pages for the data wich was received 1`] = `
Array [
  Object {
    "rows": Array [
      Object {
        "columns": Array [
          Object {
            "fields": Array [
              Object {
                "fieldName": "radio",
                "label": "Radio Field",
                "localizedValue": Object {},
                "options": Array [
                  Object {
                    "label": "Option 1",
                    "value": "option1",
                  },
                  Object {
                    "label": "Option 2",
                    "value": "option2",
                  },
                ],
                "readOnly": true,
                "settingsContext": Object {
                  "pages": Array [
                    Object {
                      "rows": Array [
                        Object {
                          "columns": Array [
                            Object {
                              "fields": Array [
                                Object {
                                  "fieldName": "label",
                                  "localizable": true,
                                  "settingsContext": Object {
                                    "pages": Array [
                                      Object {
                                        "rows": Array [
                                          Object {
                                            "columns": Array [],
                                          },
                                        ],
                                      },
                                    ],
                                  },
                                },
                                Object {
                                  "fieldName": "name",
                                },
                                Object {
                                  "fieldName": "required",
                                },
                                Object {
                                  "fieldName": "type",
                                },
                              ],
                              "size": 12,
                            },
                          ],
                        },
                      ],
                    },
                  ],
                },
                "type": "radio",
                "value": undefined,
                "visible": true,
              },
            ],
            "size": 3,
          },
          Object {
            "fields": Array [],
            "size": 9,
          },
        ],
      },
      Object {
        "columns": Array [
          Object {
            "fields": Array [
              Object {
                "fieldName": "text1",
                "label": "Text Field 1",
                "localizedValue": Object {},
                "readOnly": true,
                "required": true,
                "settingsContext": Object {
                  "pages": Array [],
                },
                "type": "text",
                "value": undefined,
                "visible": true,
              },
              Object {
                "fieldName": "text2",
                "label": "Text Field 2",
                "localizedValue": Object {},
                "readOnly": true,
                "required": true,
                "settingsContext": Object {
                  "pages": Array [],
                },
                "type": "text",
                "value": undefined,
                "visible": true,
              },
            ],
            "size": 4,
          },
          Object {
            "fields": Array [
              Object {
                "fieldName": "select",
                "label": "Select Field",
                "localizedValue": Object {},
                "options": Array [
                  Object {
                    "label": "Option 1",
                    "value": "option1",
                  },
                  Object {
                    "label": "Option 2",
                    "value": "option2",
                  },
                ],
                "readOnly": true,
                "required": true,
                "settingsContext": Object {
                  "pages": Array [],
                },
                "type": "select",
                "value": undefined,
                "visible": true,
              },
            ],
            "size": 6,
          },
          Object {
            "fields": Array [],
            "size": 2,
          },
        ],
      },
      Object {
        "columns": Array [
          Object {
            "fields": Array [
              Object {
                "fieldName": "date",
                "label": "Date Field",
                "localizedValue": Object {},
                "readOnly": true,
                "required": true,
                "settingsContext": Object {
                  "pages": Array [],
                },
                "type": "date",
                "value": undefined,
                "visible": true,
              },
            ],
            "size": 12,
          },
        ],
      },
      Object {
        "columns": Array [
          Object {
            "fields": Array [
              Object {
                "fieldName": "numeric",
                "label": "Numeric Field",
                "localizedValue": Object {},
                "readOnly": true,
                "required": true,
                "settingsContext": Object {
                  "pages": Array [],
                },
                "type": "numeric",
                "value": undefined,
                "visible": true,
              },
            ],
            "size": 12,
          },
        ],
      },
    ],
    "title": "Untitled name",
  },
]
`;

exports[`LayoutProvider Field events fieldDeleted should listen the fieldDeleted event and delete the field in the column to the pages 1`] = `
Array [
  Object {
    "rows": Array [
      Object {
        "columns": Array [
          Object {
            "fields": Array [
              Object {
                "fieldName": "radio",
                "label": "Radio Field",
                "localizedValue": Object {},
                "options": Array [
                  Object {
                    "label": "Option 1",
                    "value": "option1",
                  },
                  Object {
                    "label": "Option 2",
                    "value": "option2",
                  },
                ],
                "readOnly": true,
                "settingsContext": Object {
                  "pages": Array [
                    Object {
                      "rows": Array [
                        Object {
                          "columns": Array [
                            Object {
                              "fields": Array [
                                Object {
                                  "fieldName": "label",
                                  "localizable": true,
                                  "settingsContext": Object {
                                    "pages": Array [
                                      Object {
                                        "rows": Array [
                                          Object {
                                            "columns": Array [],
                                          },
                                        ],
                                      },
                                    ],
                                  },
                                },
                                Object {
                                  "fieldName": "name",
                                },
                                Object {
                                  "fieldName": "required",
                                },
                                Object {
                                  "fieldName": "type",
                                },
                              ],
                              "size": 12,
                            },
                          ],
                        },
                      ],
                    },
                  ],
                },
                "type": "radio",
                "value": undefined,
                "visible": true,
              },
            ],
            "size": 3,
          },
          Object {
            "fields": Array [],
            "size": 9,
          },
        ],
      },
      Object {
        "columns": Array [
          Object {
            "fields": Array [],
            "size": 4,
          },
          Object {
            "fields": Array [
              Object {
                "fieldName": "select",
                "label": "Select Field",
                "localizedValue": Object {},
                "options": Array [
                  Object {
                    "label": "Option 1",
                    "value": "option1",
                  },
                  Object {
                    "label": "Option 2",
                    "value": "option2",
                  },
                ],
                "readOnly": true,
                "required": true,
                "settingsContext": Object {
                  "pages": Array [],
                },
                "type": "select",
                "value": undefined,
                "visible": true,
              },
            ],
            "size": 6,
          },
          Object {
            "fields": Array [],
            "size": 2,
          },
        ],
      },
      Object {
        "columns": Array [
          Object {
            "fields": Array [
              Object {
                "fieldName": "date",
                "label": "Date Field",
                "localizedValue": Object {},
                "readOnly": true,
                "required": true,
                "settingsContext": Object {
                  "pages": Array [],
                },
                "type": "date",
                "value": undefined,
                "visible": true,
              },
            ],
            "size": 12,
          },
        ],
      },
      Object {
        "columns": Array [
          Object {
            "fields": Array [
              Object {
                "fieldName": "numeric",
                "label": "Numeric Field",
                "localizedValue": Object {},
                "readOnly": true,
                "required": true,
                "settingsContext": Object {
                  "pages": Array [],
                },
                "type": "numeric",
                "value": undefined,
                "visible": true,
              },
            ],
            "size": 12,
          },
        ],
      },
    ],
    "title": "Untitled name",
  },
]
`;

exports[`LayoutProvider Field events fieldDuplicated should listen the duplicate field event and add this field in the pages 1`] = `
Array [
  Object {
    "rows": Array [
      Object {
        "columns": Array [
          Object {
            "fields": Array [
              Object {
                "fieldName": "name0000",
                "label": "Radio Field",
                "localizedValue": Object {},
                "name": "name0000",
                "options": Array [
                  Object {
                    "label": "Option 1",
                    "value": "option1",
                  },
                  Object {
                    "label": "Option 2",
                    "value": "option2",
                  },
                ],
                "readOnly": true,
                "settingsContext": Object {
                  "pages": Array [
                    Object {
                      "rows": Array [
                        Object {
                          "columns": Array [
                            Object {
                              "fields": Array [
                                Object {
                                  "fieldName": "label",
                                  "localizable": true,
                                  "settingsContext": Object {
                                    "pages": Array [
                                      Object {
                                        "rows": Array [
                                          Object {
                                            "columns": Array [],
                                          },
                                        ],
                                      },
                                    ],
                                  },
                                },
                                Object {
                                  "fieldName": "name",
                                  "value": "Liferay",
                                },
                                Object {
                                  "fieldName": "required",
                                },
                                Object {
                                  "fieldName": "type",
                                },
                              ],
                              "size": 12,
                            },
                          ],
                        },
                      ],
                    },
                  ],
                },
                "type": "radio",
                "value": undefined,
                "visible": true,
              },
            ],
            "size": 3,
          },
          Object {
            "fields": Array [],
            "size": 9,
          },
        ],
      },
      Object {
        "columns": Array [
          Object {
            "fields": Array [
              Object {
                "fieldName": "name0010",
                "label": "copy-of-x",
                "localizedValue": Object {},
                "name": "name0010",
                "options": Array [
                  Object {
                    "label": "Option 1",
                    "value": "option1",
                  },
                  Object {
                    "label": "Option 2",
                    "value": "option2",
                  },
                ],
                "readOnly": true,
                "settingsContext": Object {
                  "pages": Array [
                    Object {
                      "rows": Array [
                        Object {
                          "columns": Array [
                            Object {
                              "fields": Array [
                                Object {
                                  "fieldName": "label",
                                  "localizable": true,
                                  "localizedValue": Object {
                                    "en_US": "copy-of-x",
                                  },
                                  "settingsContext": Object {
                                    "pages": Array [
                                      Object {
                                        "rows": Array [
                                          Object {
                                            "columns": Array [],
                                          },
                                        ],
                                      },
                                    ],
                                  },
                                  "value": "copy-of-x",
                                },
                                Object {
                                  "fieldName": "name",
                                  "value": "Liferay",
                                },
                                Object {
                                  "fieldName": "required",
                                },
                                Object {
                                  "fieldName": "type",
                                },
                              ],
                              "size": 12,
                            },
                          ],
                        },
                      ],
                    },
                  ],
                },
                "type": "radio",
                "value": undefined,
                "visible": true,
              },
            ],
            "size": 12,
          },
        ],
      },
      Object {
        "columns": Array [
          Object {
            "fields": Array [
              Object {
                "fieldName": "name0020",
                "label": "Text Field 1",
                "localizedValue": Object {},
                "name": "name0020",
                "readOnly": true,
                "required": true,
                "settingsContext": Object {
                  "pages": Array [],
                },
                "type": "text",
                "value": undefined,
                "visible": true,
              },
              Object {
                "fieldName": "name1020",
                "label": "Text Field 2",
                "localizedValue": Object {},
                "name": "name1020",
                "readOnly": true,
                "required": true,
                "settingsContext": Object {
                  "pages": Array [],
                },
                "type": "text",
                "value": undefined,
                "visible": true,
              },
            ],
            "size": 4,
          },
          Object {
            "fields": Array [
              Object {
                "fieldName": "name0120",
                "label": "Select Field",
                "localizedValue": Object {},
                "name": "name0120",
                "options": Array [
                  Object {
                    "label": "Option 1",
                    "value": "option1",
                  },
                  Object {
                    "label": "Option 2",
                    "value": "option2",
                  },
                ],
                "readOnly": true,
                "required": true,
                "settingsContext": Object {
                  "pages": Array [],
                },
                "type": "select",
                "value": undefined,
                "visible": true,
              },
            ],
            "size": 6,
          },
          Object {
            "fields": Array [],
            "size": 2,
          },
        ],
      },
      Object {
        "columns": Array [
          Object {
            "fields": Array [
              Object {
                "fieldName": "name0030",
                "label": "Date Field",
                "localizedValue": Object {},
                "name": "name0030",
                "readOnly": true,
                "required": true,
                "settingsContext": Object {
                  "pages": Array [],
                },
                "type": "date",
                "value": undefined,
                "visible": true,
              },
            ],
            "size": 12,
          },
        ],
      },
      Object {
        "columns": Array [
          Object {
            "fields": Array [
              Object {
                "fieldName": "name0040",
                "label": "Numeric Field",
                "localizedValue": Object {},
                "name": "name0040",
                "readOnly": true,
                "required": true,
                "settingsContext": Object {
                  "pages": Array [],
                },
                "type": "numeric",
                "value": undefined,
                "visible": true,
              },
            ],
            "size": 12,
          },
        ],
      },
    ],
    "title": "Untitled name",
  },
]
`;

exports[`LayoutProvider Field events fieldMoved should listen to the fieldMoved event and move the field to the column in pages 1`] = `
Array [
  Object {
    "rows": Array [
      Object {
        "columns": Array [
          Object {
            "fields": Array [
              Object {
                "fieldName": "radio",
                "label": "Radio Field",
                "localizedValue": Object {},
                "options": Array [
                  Object {
                    "label": "Option 1",
                    "value": "option1",
                  },
                  Object {
                    "label": "Option 2",
                    "value": "option2",
                  },
                ],
                "readOnly": true,
                "settingsContext": Object {
                  "pages": Array [
                    Object {
                      "rows": Array [
                        Object {
                          "columns": Array [
                            Object {
                              "fields": Array [
                                Object {
                                  "fieldName": "label",
                                  "localizable": true,
                                  "settingsContext": Object {
                                    "pages": Array [
                                      Object {
                                        "rows": Array [
                                          Object {
                                            "columns": Array [],
                                          },
                                        ],
                                      },
                                    ],
                                  },
                                },
                                Object {
                                  "fieldName": "name",
                                },
                                Object {
                                  "fieldName": "required",
                                },
                                Object {
                                  "fieldName": "type",
                                },
                              ],
                              "size": 12,
                            },
                          ],
                        },
                      ],
                    },
                  ],
                },
                "type": "radio",
                "value": undefined,
                "visible": true,
              },
            ],
            "size": 3,
          },
          Object {
            "fields": Array [
              Object {
                "fieldName": "select",
                "label": "Select Field",
                "localizedValue": Object {},
                "options": Array [
                  Object {
                    "label": "Option 1",
                    "value": "option1",
                  },
                  Object {
                    "label": "Option 2",
                    "value": "option2",
                  },
                ],
                "readOnly": true,
                "required": true,
                "settingsContext": Object {
                  "pages": Array [],
                },
                "type": "select",
                "value": undefined,
                "visible": true,
              },
            ],
            "size": 9,
          },
        ],
      },
      Object {
        "columns": Array [
          Object {
            "fields": Array [
              Object {
                "fieldName": "text1",
                "label": "Text Field 1",
                "localizedValue": Object {},
                "readOnly": true,
                "required": true,
                "settingsContext": Object {
                  "pages": Array [],
                },
                "type": "text",
                "value": undefined,
                "visible": true,
              },
              Object {
                "fieldName": "text2",
                "label": "Text Field 2",
                "localizedValue": Object {},
                "readOnly": true,
                "required": true,
                "settingsContext": Object {
                  "pages": Array [],
                },
                "type": "text",
                "value": undefined,
                "visible": true,
              },
            ],
            "size": 4,
          },
          Object {
            "fields": Array [],
            "size": 6,
          },
          Object {
            "fields": Array [],
            "size": 2,
          },
        ],
      },
      Object {
        "columns": Array [
          Object {
            "fields": Array [
              Object {
                "fieldName": "date",
                "label": "Date Field",
                "localizedValue": Object {},
                "readOnly": true,
                "required": true,
                "settingsContext": Object {
                  "pages": Array [],
                },
                "type": "date",
                "value": undefined,
                "visible": true,
              },
            ],
            "size": 12,
          },
        ],
      },
      Object {
        "columns": Array [
          Object {
            "fields": Array [
              Object {
                "fieldName": "numeric",
                "label": "Numeric Field",
                "localizedValue": Object {},
                "readOnly": true,
                "required": true,
                "settingsContext": Object {
                  "pages": Array [],
                },
                "type": "numeric",
                "value": undefined,
                "visible": true,
              },
            ],
            "size": 12,
          },
        ],
      },
    ],
    "title": "Untitled name",
  },
]
`;

exports[`LayoutProvider Field events fieldMoved should listen to the pagesUpdated event 1`] = `
Array [
  Object {
    "rows": Array [
      Object {
        "columns": Array [
          Object {
            "fields": Array [
              Object {
                "fieldName": "radio",
                "label": "Radio Field",
                "options": Array [
                  Object {
                    "label": "Option 1",
                    "value": "option1",
                  },
                  Object {
                    "label": "Option 2",
                    "value": "option2",
                  },
                ],
                "settingsContext": Object {
                  "pages": Array [
                    Object {
                      "rows": Array [
                        Object {
                          "columns": Array [
                            Object {
                              "fields": Array [
                                Object {
                                  "fieldName": "label",
                                  "localizable": true,
                                  "settingsContext": Object {
                                    "pages": Array [
                                      Object {
                                        "rows": Array [
                                          Object {
                                            "columns": Array [],
                                          },
                                        ],
                                      },
                                    ],
                                  },
                                },
                                Object {
                                  "fieldName": "name",
                                },
                                Object {
                                  "fieldName": "required",
                                },
                                Object {
                                  "fieldName": "type",
                                },
                              ],
                              "size": 12,
                            },
                          ],
                        },
                      ],
                    },
                  ],
                },
                "type": "radio",
              },
            ],
            "size": 3,
          },
          Object {
            "fields": Array [],
            "size": 9,
          },
        ],
      },
      Object {
        "columns": Array [
          Object {
            "fields": Array [
              Object {
                "fieldName": "text1",
                "label": "Text Field 1",
                "required": true,
                "settingsContext": Object {
                  "pages": Array [],
                },
                "type": "text",
              },
              Object {
                "fieldName": "text2",
                "label": "Text Field 2",
                "required": true,
                "settingsContext": Object {
                  "pages": Array [],
                },
                "type": "text",
              },
            ],
            "size": 4,
          },
          Object {
            "fields": Array [
              Object {
                "fieldName": "select",
                "label": "Select Field",
                "options": Array [
                  Object {
                    "label": "Option 1",
                    "value": "option1",
                  },
                  Object {
                    "label": "Option 2",
                    "value": "option2",
                  },
                ],
                "required": true,
                "settingsContext": Object {
                  "pages": Array [],
                },
                "type": "select",
              },
            ],
            "size": 6,
          },
          Object {
            "fields": Array [],
            "size": 2,
          },
        ],
      },
      Object {
        "columns": Array [
          Object {
            "fields": Array [
              Object {
                "fieldName": "date",
                "label": "Date Field",
                "required": true,
                "settingsContext": Object {
                  "pages": Array [],
                },
                "type": "date",
              },
            ],
            "size": 12,
          },
        ],
      },
      Object {
        "columns": Array [
          Object {
            "fields": Array [
              Object {
                "fieldName": "numeric",
                "label": "Numeric Field",
                "required": true,
                "settingsContext": Object {
                  "pages": Array [],
                },
                "type": "numeric",
              },
            ],
            "size": 12,
          },
        ],
      },
    ],
    "title": "Untitled name",
  },
]
`;

exports[`LayoutProvider Field events fieldMoved should move the field to the column in pages and remove the row if there are no fields 1`] = `
Array [
  Object {
    "rows": Array [
      Object {
        "columns": Array [
          Object {
            "fields": Array [
              Object {
                "fieldName": "radio",
                "label": "Radio Field",
                "localizedValue": Object {},
                "options": Array [
                  Object {
                    "label": "Option 1",
                    "value": "option1",
                  },
                  Object {
                    "label": "Option 2",
                    "value": "option2",
                  },
                ],
                "readOnly": true,
                "settingsContext": Object {
                  "pages": Array [
                    Object {
                      "rows": Array [
                        Object {
                          "columns": Array [
                            Object {
                              "fields": Array [
                                Object {
                                  "fieldName": "label",
                                  "localizable": true,
                                  "settingsContext": Object {
                                    "pages": Array [
                                      Object {
                                        "rows": Array [
                                          Object {
                                            "columns": Array [],
                                          },
                                        ],
                                      },
                                    ],
                                  },
                                },
                                Object {
                                  "fieldName": "name",
                                },
                                Object {
                                  "fieldName": "required",
                                },
                                Object {
                                  "fieldName": "type",
                                },
                              ],
                              "size": 12,
                            },
                          ],
                        },
                      ],
                    },
                  ],
                },
                "type": "radio",
                "value": undefined,
                "visible": true,
              },
            ],
            "size": 3,
          },
          Object {
            "fields": Array [
              Object {
                "fieldName": "date",
                "label": "Date Field",
                "localizedValue": Object {},
                "readOnly": true,
                "required": true,
                "settingsContext": Object {
                  "pages": Array [],
                },
                "type": "date",
                "value": undefined,
                "visible": true,
              },
            ],
            "size": 9,
          },
        ],
      },
      Object {
        "columns": Array [
          Object {
            "fields": Array [
              Object {
                "fieldName": "text1",
                "label": "Text Field 1",
                "localizedValue": Object {},
                "readOnly": true,
                "required": true,
                "settingsContext": Object {
                  "pages": Array [],
                },
                "type": "text",
                "value": undefined,
                "visible": true,
              },
              Object {
                "fieldName": "text2",
                "label": "Text Field 2",
                "localizedValue": Object {},
                "readOnly": true,
                "required": true,
                "settingsContext": Object {
                  "pages": Array [],
                },
                "type": "text",
                "value": undefined,
                "visible": true,
              },
            ],
            "size": 4,
          },
          Object {
            "fields": Array [
              Object {
                "fieldName": "select",
                "label": "Select Field",
                "localizedValue": Object {},
                "options": Array [
                  Object {
                    "label": "Option 1",
                    "value": "option1",
                  },
                  Object {
                    "label": "Option 2",
                    "value": "option2",
                  },
                ],
                "readOnly": true,
                "required": true,
                "settingsContext": Object {
                  "pages": Array [],
                },
                "type": "select",
                "value": undefined,
                "visible": true,
              },
            ],
            "size": 6,
          },
          Object {
            "fields": Array [],
            "size": 2,
          },
        ],
      },
      Object {
        "columns": Array [
          Object {
            "fields": Array [
              Object {
                "fieldName": "numeric",
                "label": "Numeric Field",
                "localizedValue": Object {},
                "readOnly": true,
                "required": true,
                "settingsContext": Object {
                  "pages": Array [],
                },
                "type": "numeric",
                "value": undefined,
                "visible": true,
              },
            ],
            "size": 12,
          },
        ],
      },
    ],
    "title": "Untitled name",
  },
]
`;

exports[`LayoutProvider Field events fieldMoved should move the field to the row in pages and remove the row if there are no fields 1`] = `
Array [
  Object {
    "rows": Array [
      Object {
        "columns": Array [
          Object {
            "fields": Array [
              Object {
                "fieldName": "radio",
                "label": "Radio Field",
                "localizedValue": Object {},
                "options": Array [
                  Object {
                    "label": "Option 1",
                    "value": "option1",
                  },
                  Object {
                    "label": "Option 2",
                    "value": "option2",
                  },
                ],
                "readOnly": true,
                "settingsContext": Object {
                  "pages": Array [
                    Object {
                      "rows": Array [
                        Object {
                          "columns": Array [
                            Object {
                              "fields": Array [
                                Object {
                                  "fieldName": "label",
                                  "localizable": true,
                                  "settingsContext": Object {
                                    "pages": Array [
                                      Object {
                                        "rows": Array [
                                          Object {
                                            "columns": Array [],
                                          },
                                        ],
                                      },
                                    ],
                                  },
                                },
                                Object {
                                  "fieldName": "name",
                                },
                                Object {
                                  "fieldName": "required",
                                },
                                Object {
                                  "fieldName": "type",
                                },
                              ],
                              "size": 12,
                            },
                          ],
                        },
                      ],
                    },
                  ],
                },
                "type": "radio",
                "value": undefined,
                "visible": true,
              },
            ],
            "size": 12,
          },
        ],
      },
      Object {
        "columns": Array [
          Object {
            "fields": Array [
              Object {
                "fieldName": "text1",
                "label": "Text Field 1",
                "localizedValue": Object {},
                "readOnly": true,
                "required": true,
                "settingsContext": Object {
                  "pages": Array [],
                },
                "type": "text",
                "value": undefined,
                "visible": true,
              },
              Object {
                "fieldName": "text2",
                "label": "Text Field 2",
                "localizedValue": Object {},
                "readOnly": true,
                "required": true,
                "settingsContext": Object {
                  "pages": Array [],
                },
                "type": "text",
                "value": undefined,
                "visible": true,
              },
            ],
            "size": 4,
          },
          Object {
            "fields": Array [
              Object {
                "fieldName": "select",
                "label": "Select Field",
                "localizedValue": Object {},
                "options": Array [
                  Object {
                    "label": "Option 1",
                    "value": "option1",
                  },
                  Object {
                    "label": "Option 2",
                    "value": "option2",
                  },
                ],
                "readOnly": true,
                "required": true,
                "settingsContext": Object {
                  "pages": Array [],
                },
                "type": "select",
                "value": undefined,
                "visible": true,
              },
            ],
            "size": 6,
          },
          Object {
            "fields": Array [],
            "size": 2,
          },
        ],
      },
      Object {
        "columns": Array [
          Object {
            "fields": Array [
              Object {
                "fieldName": "date",
                "label": "Date Field",
                "localizedValue": Object {},
                "readOnly": true,
                "required": true,
                "settingsContext": Object {
                  "pages": Array [],
                },
                "type": "date",
                "value": undefined,
                "visible": true,
              },
            ],
            "size": 12,
          },
        ],
      },
      Object {
        "columns": Array [
          Object {
            "fields": Array [
              Object {
                "fieldName": "numeric",
                "label": "Numeric Field",
                "localizedValue": Object {},
                "readOnly": true,
                "required": true,
                "settingsContext": Object {
                  "pages": Array [],
                },
                "type": "numeric",
                "value": undefined,
                "visible": true,
              },
            ],
            "size": 12,
          },
        ],
      },
    ],
    "title": "Untitled name",
  },
]
`;

exports[`LayoutProvider Field events fieldResized should listen to the columnResized event and resize the field when the left arrow is pulled 1`] = `
Array [
  Object {
    "rows": Array [
      Object {
        "columns": Array [
          Object {
            "fields": Array [
              Object {
                "fieldName": "radio",
                "label": "Radio Field",
                "localizedValue": Object {},
                "options": Array [
                  Object {
                    "label": "Option 1",
                    "value": "option1",
                  },
                  Object {
                    "label": "Option 2",
                    "value": "option2",
                  },
                ],
                "readOnly": true,
                "settingsContext": Object {
                  "pages": Array [
                    Object {
                      "rows": Array [
                        Object {
                          "columns": Array [
                            Object {
                              "fields": Array [
                                Object {
                                  "fieldName": "label",
                                  "localizable": true,
                                  "settingsContext": Object {
                                    "pages": Array [
                                      Object {
                                        "rows": Array [
                                          Object {
                                            "columns": Array [],
                                          },
                                        ],
                                      },
                                    ],
                                  },
                                },
                                Object {
                                  "fieldName": "name",
                                },
                                Object {
                                  "fieldName": "required",
                                },
                                Object {
                                  "fieldName": "type",
                                },
                              ],
                              "size": 12,
                            },
                          ],
                        },
                      ],
                    },
                  ],
                },
                "type": "radio",
                "value": undefined,
                "visible": true,
              },
            ],
            "size": 7,
          },
          Object {
            "fields": Array [],
            "size": 5,
          },
        ],
      },
      Object {
        "columns": Array [
          Object {
            "fields": Array [
              Object {
                "fieldName": "text1",
                "label": "Text Field 1",
                "localizedValue": Object {},
                "readOnly": true,
                "required": true,
                "settingsContext": Object {
                  "pages": Array [],
                },
                "type": "text",
                "value": undefined,
                "visible": true,
              },
              Object {
                "fieldName": "text2",
                "label": "Text Field 2",
                "localizedValue": Object {},
                "readOnly": true,
                "required": true,
                "settingsContext": Object {
                  "pages": Array [],
                },
                "type": "text",
                "value": undefined,
                "visible": true,
              },
            ],
            "size": 4,
          },
          Object {
            "fields": Array [
              Object {
                "fieldName": "select",
                "label": "Select Field",
                "localizedValue": Object {},
                "options": Array [
                  Object {
                    "label": "Option 1",
                    "value": "option1",
                  },
                  Object {
                    "label": "Option 2",
                    "value": "option2",
                  },
                ],
                "readOnly": true,
                "required": true,
                "settingsContext": Object {
                  "pages": Array [],
                },
                "type": "select",
                "value": undefined,
                "visible": true,
              },
            ],
            "size": 6,
          },
          Object {
            "fields": Array [],
            "size": 2,
          },
        ],
      },
      Object {
        "columns": Array [
          Object {
            "fields": Array [
              Object {
                "fieldName": "date",
                "label": "Date Field",
                "localizedValue": Object {},
                "readOnly": true,
                "required": true,
                "settingsContext": Object {
                  "pages": Array [],
                },
                "type": "date",
                "value": undefined,
                "visible": true,
              },
            ],
            "size": 12,
          },
        ],
      },
      Object {
        "columns": Array [
          Object {
            "fields": Array [
              Object {
                "fieldName": "numeric",
                "label": "Numeric Field",
                "localizedValue": Object {},
                "readOnly": true,
                "required": true,
                "settingsContext": Object {
                  "pages": Array [],
                },
                "type": "numeric",
                "value": undefined,
                "visible": true,
              },
            ],
            "size": 12,
          },
        ],
      },
    ],
    "title": "Untitled name",
  },
]
`;

exports[`LayoutProvider Field events focusedFieldUpdated should listen the focusedFieldUpdated event and change the state of the focusedField and pages for the data wich was received 1`] = `
Array [
  Object {
    "rows": Array [
      Object {
        "columns": Array [
          Object {
            "fields": Array [
              Object {
                "columnIndex": 0,
                "pageIndex": 0,
                "rowIndex": 0,
              },
            ],
            "size": 3,
          },
          Object {
            "fields": Array [],
            "size": 9,
          },
        ],
      },
      Object {
        "columns": Array [
          Object {
            "fields": Array [
              Object {
                "fieldName": "text1",
                "label": "Text Field 1",
                "localizedValue": Object {},
                "readOnly": true,
                "required": true,
                "settingsContext": Object {
                  "pages": Array [],
                },
                "type": "text",
                "value": undefined,
                "visible": true,
              },
              Object {
                "fieldName": "text2",
                "label": "Text Field 2",
                "localizedValue": Object {},
                "readOnly": true,
                "required": true,
                "settingsContext": Object {
                  "pages": Array [],
                },
                "type": "text",
                "value": undefined,
                "visible": true,
              },
            ],
            "size": 4,
          },
          Object {
            "fields": Array [
              Object {
                "fieldName": "select",
                "label": "Select Field",
                "localizedValue": Object {},
                "options": Array [
                  Object {
                    "label": "Option 1",
                    "value": "option1",
                  },
                  Object {
                    "label": "Option 2",
                    "value": "option2",
                  },
                ],
                "readOnly": true,
                "required": true,
                "settingsContext": Object {
                  "pages": Array [],
                },
                "type": "select",
                "value": undefined,
                "visible": true,
              },
            ],
            "size": 6,
          },
          Object {
            "fields": Array [],
            "size": 2,
          },
        ],
      },
      Object {
        "columns": Array [
          Object {
            "fields": Array [
              Object {
                "fieldName": "date",
                "label": "Date Field",
                "localizedValue": Object {},
                "readOnly": true,
                "required": true,
                "settingsContext": Object {
                  "pages": Array [],
                },
                "type": "date",
                "value": undefined,
                "visible": true,
              },
            ],
            "size": 12,
          },
        ],
      },
      Object {
        "columns": Array [
          Object {
            "fields": Array [
              Object {
                "fieldName": "numeric",
                "label": "Numeric Field",
                "localizedValue": Object {},
                "readOnly": true,
                "required": true,
                "settingsContext": Object {
                  "pages": Array [],
                },
                "type": "numeric",
                "value": undefined,
                "visible": true,
              },
            ],
            "size": 12,
          },
        ],
      },
    ],
    "title": "Untitled name",
  },
]
`;

exports[`LayoutProvider Field events pageAdded should listen the pageAdded event and change the state of pages for the data wich was received 1`] = `
Array [
  Object {
    "rows": Array [
      Object {
        "columns": Array [
          Object {
            "fields": Array [
              Object {
                "fieldName": "radio",
                "label": "Radio Field",
                "localizedValue": Object {},
                "options": Array [
                  Object {
                    "label": "Option 1",
                    "value": "option1",
                  },
                  Object {
                    "label": "Option 2",
                    "value": "option2",
                  },
                ],
                "readOnly": true,
                "settingsContext": Object {
                  "pages": Array [
                    Object {
                      "rows": Array [
                        Object {
                          "columns": Array [
                            Object {
                              "fields": Array [
                                Object {
                                  "fieldName": "label",
                                  "localizable": true,
                                  "settingsContext": Object {
                                    "pages": Array [
                                      Object {
                                        "rows": Array [
                                          Object {
                                            "columns": Array [],
                                          },
                                        ],
                                      },
                                    ],
                                  },
                                },
                                Object {
                                  "fieldName": "name",
                                },
                                Object {
                                  "fieldName": "required",
                                },
                                Object {
                                  "fieldName": "type",
                                },
                              ],
                              "size": 12,
                            },
                          ],
                        },
                      ],
                    },
                  ],
                },
                "type": "radio",
                "value": undefined,
                "visible": true,
              },
            ],
            "size": 3,
          },
          Object {
            "fields": Array [],
            "size": 9,
          },
        ],
      },
      Object {
        "columns": Array [
          Object {
            "fields": Array [
              Object {
                "fieldName": "text1",
                "label": "Text Field 1",
                "localizedValue": Object {},
                "readOnly": true,
                "required": true,
                "settingsContext": Object {
                  "pages": Array [],
                },
                "type": "text",
                "value": undefined,
                "visible": true,
              },
              Object {
                "fieldName": "text2",
                "label": "Text Field 2",
                "localizedValue": Object {},
                "readOnly": true,
                "required": true,
                "settingsContext": Object {
                  "pages": Array [],
                },
                "type": "text",
                "value": undefined,
                "visible": true,
              },
            ],
            "size": 4,
          },
          Object {
            "fields": Array [
              Object {
                "fieldName": "select",
                "label": "Select Field",
                "localizedValue": Object {},
                "options": Array [
                  Object {
                    "label": "Option 1",
                    "value": "option1",
                  },
                  Object {
                    "label": "Option 2",
                    "value": "option2",
                  },
                ],
                "readOnly": true,
                "required": true,
                "settingsContext": Object {
                  "pages": Array [],
                },
                "type": "select",
                "value": undefined,
                "visible": true,
              },
            ],
            "size": 6,
          },
          Object {
            "fields": Array [],
            "size": 2,
          },
        ],
      },
      Object {
        "columns": Array [
          Object {
            "fields": Array [
              Object {
                "fieldName": "date",
                "label": "Date Field",
                "localizedValue": Object {},
                "readOnly": true,
                "required": true,
                "settingsContext": Object {
                  "pages": Array [],
                },
                "type": "date",
                "value": undefined,
                "visible": true,
              },
            ],
            "size": 12,
          },
        ],
      },
      Object {
        "columns": Array [
          Object {
            "fields": Array [
              Object {
                "fieldName": "numeric",
                "label": "Numeric Field",
                "localizedValue": Object {},
                "readOnly": true,
                "required": true,
                "settingsContext": Object {
                  "pages": Array [],
                },
                "type": "numeric",
                "value": undefined,
                "visible": true,
              },
            ],
            "size": 12,
          },
        ],
      },
    ],
    "title": "Untitled name",
  },
  Object {
    "description": "",
    "enabled": true,
    "localizedDescription": Object {
      "en_US": "",
    },
    "localizedTitle": Object {
      "en_US": "",
    },
    "rows": Array [
      Object {
        "columns": Array [
          Object {
            "fields": Array [],
            "size": 12,
          },
        ],
      },
    ],
    "showRequiredFieldsWarning": true,
    "title": "",
  },
]
`;

exports[`LayoutProvider Field events pageDeleted should listen the pageDeleted event and change the state of pages for the data wich was received 1`] = `Array []`;

exports[`LayoutProvider Field events pageReset should listen the pageReset event and change the state of pages for the data wich was received 1`] = `
Array [
  Object {
    "description": "",
    "enabled": true,
    "localizedDescription": Object {
      "en_US": "",
    },
    "localizedTitle": Object {
      "en_US": "",
    },
    "rows": Array [
      Object {
        "columns": Array [
          Object {
            "fields": Array [],
            "size": 12,
          },
        ],
      },
    ],
    "showRequiredFieldsWarning": true,
    "title": "",
  },
]
`;

exports[`LayoutProvider Field events paginationModeUpdated should listen the paginationModeUpdated event and change the state of pagination mode for the data wich was received 1`] = `
Array [
  Object {
    "rows": Array [
      Object {
        "columns": Array [
          Object {
            "fields": Array [
              Object {
                "fieldName": "radio",
                "label": "Radio Field",
                "localizedValue": Object {},
                "options": Array [
                  Object {
                    "label": "Option 1",
                    "value": "option1",
                  },
                  Object {
                    "label": "Option 2",
                    "value": "option2",
                  },
                ],
                "readOnly": true,
                "settingsContext": Object {
                  "pages": Array [
                    Object {
                      "rows": Array [
                        Object {
                          "columns": Array [
                            Object {
                              "fields": Array [
                                Object {
                                  "fieldName": "label",
                                  "localizable": true,
                                  "settingsContext": Object {
                                    "pages": Array [
                                      Object {
                                        "rows": Array [
                                          Object {
                                            "columns": Array [],
                                          },
                                        ],
                                      },
                                    ],
                                  },
                                },
                                Object {
                                  "fieldName": "name",
                                },
                                Object {
                                  "fieldName": "required",
                                },
                                Object {
                                  "fieldName": "type",
                                },
                              ],
                              "size": 12,
                            },
                          ],
                        },
                      ],
                    },
                  ],
                },
                "type": "radio",
                "value": undefined,
                "visible": true,
              },
            ],
            "size": 3,
          },
          Object {
            "fields": Array [],
            "size": 9,
          },
        ],
      },
      Object {
        "columns": Array [
          Object {
            "fields": Array [
              Object {
                "fieldName": "text1",
                "label": "Text Field 1",
                "localizedValue": Object {},
                "readOnly": true,
                "required": true,
                "settingsContext": Object {
                  "pages": Array [],
                },
                "type": "text",
                "value": undefined,
                "visible": true,
              },
              Object {
                "fieldName": "text2",
                "label": "Text Field 2",
                "localizedValue": Object {},
                "readOnly": true,
                "required": true,
                "settingsContext": Object {
                  "pages": Array [],
                },
                "type": "text",
                "value": undefined,
                "visible": true,
              },
            ],
            "size": 4,
          },
          Object {
            "fields": Array [
              Object {
                "fieldName": "select",
                "label": "Select Field",
                "localizedValue": Object {},
                "options": Array [
                  Object {
                    "label": "Option 1",
                    "value": "option1",
                  },
                  Object {
                    "label": "Option 2",
                    "value": "option2",
                  },
                ],
                "readOnly": true,
                "required": true,
                "settingsContext": Object {
                  "pages": Array [],
                },
                "type": "select",
                "value": undefined,
                "visible": true,
              },
            ],
            "size": 6,
          },
          Object {
            "fields": Array [],
            "size": 2,
          },
        ],
      },
      Object {
        "columns": Array [
          Object {
            "fields": Array [
              Object {
                "fieldName": "date",
                "label": "Date Field",
                "localizedValue": Object {},
                "readOnly": true,
                "required": true,
                "settingsContext": Object {
                  "pages": Array [],
                },
                "type": "date",
                "value": undefined,
                "visible": true,
              },
            ],
            "size": 12,
          },
        ],
      },
      Object {
        "columns": Array [
          Object {
            "fields": Array [
              Object {
                "fieldName": "numeric",
                "label": "Numeric Field",
                "localizedValue": Object {},
                "readOnly": true,
                "required": true,
                "settingsContext": Object {
                  "pages": Array [],
                },
                "type": "numeric",
                "value": undefined,
                "visible": true,
              },
            ],
            "size": 12,
          },
        ],
      },
    ],
    "title": "Untitled name",
  },
]
`;

exports[`LayoutProvider Field events paginationModeUpdated should listen the paginationModeUpdated event and change the state of pagination mode from pagination to wizard 1`] = `
Array [
  Object {
    "rows": Array [
      Object {
        "columns": Array [
          Object {
            "fields": Array [
              Object {
                "fieldName": "radio",
                "label": "Radio Field",
                "localizedValue": Object {},
                "options": Array [
                  Object {
                    "label": "Option 1",
                    "value": "option1",
                  },
                  Object {
                    "label": "Option 2",
                    "value": "option2",
                  },
                ],
                "readOnly": true,
                "settingsContext": Object {
                  "pages": Array [
                    Object {
                      "rows": Array [
                        Object {
                          "columns": Array [
                            Object {
                              "fields": Array [
                                Object {
                                  "fieldName": "label",
                                  "localizable": true,
                                  "settingsContext": Object {
                                    "pages": Array [
                                      Object {
                                        "rows": Array [
                                          Object {
                                            "columns": Array [],
                                          },
                                        ],
                                      },
                                    ],
                                  },
                                },
                                Object {
                                  "fieldName": "name",
                                },
                                Object {
                                  "fieldName": "required",
                                },
                                Object {
                                  "fieldName": "type",
                                },
                              ],
                              "size": 12,
                            },
                          ],
                        },
                      ],
                    },
                  ],
                },
                "type": "radio",
                "value": undefined,
                "visible": true,
              },
            ],
            "size": 3,
          },
          Object {
            "fields": Array [],
            "size": 9,
          },
        ],
      },
      Object {
        "columns": Array [
          Object {
            "fields": Array [
              Object {
                "fieldName": "text1",
                "label": "Text Field 1",
                "localizedValue": Object {},
                "readOnly": true,
                "required": true,
                "settingsContext": Object {
                  "pages": Array [],
                },
                "type": "text",
                "value": undefined,
                "visible": true,
              },
              Object {
                "fieldName": "text2",
                "label": "Text Field 2",
                "localizedValue": Object {},
                "readOnly": true,
                "required": true,
                "settingsContext": Object {
                  "pages": Array [],
                },
                "type": "text",
                "value": undefined,
                "visible": true,
              },
            ],
            "size": 4,
          },
          Object {
            "fields": Array [
              Object {
                "fieldName": "select",
                "label": "Select Field",
                "localizedValue": Object {},
                "options": Array [
                  Object {
                    "label": "Option 1",
                    "value": "option1",
                  },
                  Object {
                    "label": "Option 2",
                    "value": "option2",
                  },
                ],
                "readOnly": true,
                "required": true,
                "settingsContext": Object {
                  "pages": Array [],
                },
                "type": "select",
                "value": undefined,
                "visible": true,
              },
            ],
            "size": 6,
          },
          Object {
            "fields": Array [],
            "size": 2,
          },
        ],
      },
      Object {
        "columns": Array [
          Object {
            "fields": Array [
              Object {
                "fieldName": "date",
                "label": "Date Field",
                "localizedValue": Object {},
                "readOnly": true,
                "required": true,
                "settingsContext": Object {
                  "pages": Array [],
                },
                "type": "date",
                "value": undefined,
                "visible": true,
              },
            ],
            "size": 12,
          },
        ],
      },
      Object {
        "columns": Array [
          Object {
            "fields": Array [
              Object {
                "fieldName": "numeric",
                "label": "Numeric Field",
                "localizedValue": Object {},
                "readOnly": true,
                "required": true,
                "settingsContext": Object {
                  "pages": Array [],
                },
                "type": "numeric",
                "value": undefined,
                "visible": true,
              },
            ],
            "size": 12,
          },
        ],
      },
    ],
    "title": "Untitled name",
  },
]
`;

exports[`LayoutProvider Field events successPageChanged should listen the successPageChanged event and change the state of success page for the data wich was received 1`] = `
Array [
  Object {
    "rows": Array [
      Object {
        "columns": Array [
          Object {
            "fields": Array [
              Object {
                "fieldName": "radio",
                "label": "Radio Field",
                "localizedValue": Object {},
                "options": Array [
                  Object {
                    "label": "Option 1",
                    "value": "option1",
                  },
                  Object {
                    "label": "Option 2",
                    "value": "option2",
                  },
                ],
                "readOnly": true,
                "settingsContext": Object {
                  "pages": Array [
                    Object {
                      "rows": Array [
                        Object {
                          "columns": Array [
                            Object {
                              "fields": Array [
                                Object {
                                  "fieldName": "label",
                                  "localizable": true,
                                  "settingsContext": Object {
                                    "pages": Array [
                                      Object {
                                        "rows": Array [
                                          Object {
                                            "columns": Array [],
                                          },
                                        ],
                                      },
                                    ],
                                  },
                                },
                                Object {
                                  "fieldName": "name",
                                },
                                Object {
                                  "fieldName": "required",
                                },
                                Object {
                                  "fieldName": "type",
                                },
                              ],
                              "size": 12,
                            },
                          ],
                        },
                      ],
                    },
                  ],
                },
                "type": "radio",
                "value": undefined,
                "visible": true,
              },
            ],
            "size": 3,
          },
          Object {
            "fields": Array [],
            "size": 9,
          },
        ],
      },
      Object {
        "columns": Array [
          Object {
            "fields": Array [
              Object {
                "fieldName": "text1",
                "label": "Text Field 1",
                "localizedValue": Object {},
                "readOnly": true,
                "required": true,
                "settingsContext": Object {
                  "pages": Array [],
                },
                "type": "text",
                "value": undefined,
                "visible": true,
              },
              Object {
                "fieldName": "text2",
                "label": "Text Field 2",
                "localizedValue": Object {},
                "readOnly": true,
                "required": true,
                "settingsContext": Object {
                  "pages": Array [],
                },
                "type": "text",
                "value": undefined,
                "visible": true,
              },
            ],
            "size": 4,
          },
          Object {
            "fields": Array [
              Object {
                "fieldName": "select",
                "label": "Select Field",
                "localizedValue": Object {},
                "options": Array [
                  Object {
                    "label": "Option 1",
                    "value": "option1",
                  },
                  Object {
                    "label": "Option 2",
                    "value": "option2",
                  },
                ],
                "readOnly": true,
                "required": true,
                "settingsContext": Object {
                  "pages": Array [],
                },
                "type": "select",
                "value": undefined,
                "visible": true,
              },
            ],
            "size": 6,
          },
          Object {
            "fields": Array [],
            "size": 2,
          },
        ],
      },
      Object {
        "columns": Array [
          Object {
            "fields": Array [
              Object {
                "fieldName": "date",
                "label": "Date Field",
                "localizedValue": Object {},
                "readOnly": true,
                "required": true,
                "settingsContext": Object {
                  "pages": Array [],
                },
                "type": "date",
                "value": undefined,
                "visible": true,
              },
            ],
            "size": 12,
          },
        ],
      },
      Object {
        "columns": Array [
          Object {
            "fields": Array [
              Object {
                "fieldName": "numeric",
                "label": "Numeric Field",
                "localizedValue": Object {},
                "readOnly": true,
                "required": true,
                "settingsContext": Object {
                  "pages": Array [],
                },
                "type": "numeric",
                "value": undefined,
                "visible": true,
              },
            ],
            "size": 12,
          },
        ],
      },
    ],
    "title": "Untitled name",
  },
]
`;

exports[`LayoutProvider should receive ruleAdded event to save a rule 1`] = `
Array [
  Object {
    "action": "calculate",
    "expression": "22+2",
    "label": "liferay",
    "target": "liferay",
  },
]
`;
