// Jest Snapshot v1, https://goo.gl/fbAQLP

exports[`Sidebar closes the sidebar in edition mode 1`] = `
<div>
  <div class="sidebar-container" ref="container">
    <div class="sidebar sidebar-light">
      <nav class="component-tbar tbar">
        <div class="container-fluid">
          <ul class="tbar-nav">
            <li class="tbar-item tbar-item-expand text-left">
              <div class="tbar-section"><span class="text-truncate-inline"><span class="text-truncate">add-elements</span></span></div>
            </li>
            <li class="tbar-item"><a class="component-action sidebar-close" href="javascript:;" ref="closeButton" role="button"><svg aria-hidden="true" class="lexicon-icon lexicon-icon-times">
                  <use xlink:href="icons.svg#times"></use>
                </svg></a></li>
          </ul>
        </div>
      </nav>
      <nav class="component-navigation-bar navbar navigation-bar navbar-collapse-absolute navbar-expand-md navbar-underline"><a aria-controls="sidebarLightCollapse00" aria-expanded="false" aria-label="Toggle Navigation" class="collapsed navbar-toggler navbar-toggler-link" data-toggle="liferay-collapse" href="#sidebarLightCollapse00" role="button"><span class="navbar-text-truncate">Details</span><svg aria-hidden="true" class="lexicon-icon lexicon-icon-caret-bottom">
            <use xlink:href="icons.svg#caret-bottom"></use>
          </svg></a>
        <div class="collapse navbar-collapse" id="sidebarLightCollapse00">
          <ul class="nav navbar-nav" role="tablist">
            <li class="nav-item" data-index="0" ref="tab0"><a class="nav-link active" aria-controls="sidebarLightDetails" href="javascript:;" role="tab"><span class="navbar-text-truncate">elements</span></a></li>
            <li class="nav-item" data-index="1" ref="tab1"><a class="nav-link" aria-controls="sidebarLightDetails" href="javascript:;" role="tab"><span class="navbar-text-truncate">element-sets</span></a></li>
          </ul>
        </div>
      </nav>
      <div class="ddm-sidebar-body">
        <div aria-orientation="vertical" class="ddm-field-types-panel panel-group" id="accordion03" role="tablist">
          <div class="panel panel-secondary"><a href="#ddm-field-types-basic-body" id="ddm-field-types-basic-header" aria-controls="collapseTwo" aria-expanded="true" class="collapse-icon panel-header panel-header-link" data-parent="#accordion03" data-toggle="liferay-collapse" role="tab"><span class="panel-title">field-types-basic-elements</span><span class="collapse-icon-closed"><svg aria-hidden="true" class="lexicon-icon lexicon-icon-angle-right">
                  <use xlink:href="icons.svg#angle-right"></use>
                </svg></span><span class="collapse-icon-open"><svg aria-hidden="true" class="lexicon-icon lexicon-icon-angle-down">
                  <use xlink:href="icons.svg#angle-down"></use>
                </svg></span></a>
            <div aria-labelledby="#ddm-field-types-basic-header" id="ddm-field-types-basic-body" class="panel-collapse show" role="tabpanel">
              <div class="panel-body p-0 m-0 list-group">
                <div class="ddm-drag-item list-group-item list-group-item-flex" data-field-type-name="date" ref="fieldType_date">
                  <div class="autofit-col"><span class="sticker sticker-secondary"><span class="inline-item"><svg class="lexicon-icon lexicon-icon-calendar" aria-hidden="true">
                          <use xlink:href="icons.svg#calendar"></use>
                        </svg></span></span></div>
                  <div class="autofit-col autofit-col-expand">
                    <h4 class="list-group-title text-truncate"><span>Date</span></h4>
                    <p class="list-group-subtitle text-truncate">Select date from a Datepicker.</p>
                  </div>
                </div>
                <div class="ddm-drag-item list-group-item list-group-item-flex" data-field-type-name="text" ref="fieldType_text">
                  <div class="autofit-col"><span class="sticker sticker-secondary"><span class="inline-item"><svg class="lexicon-icon lexicon-icon-text" aria-hidden="true">
                          <use xlink:href="icons.svg#text"></use>
                        </svg></span></span></div>
                  <div class="autofit-col autofit-col-expand">
                    <h4 class="list-group-title text-truncate"><span>Text Field</span></h4>
                    <p class="list-group-subtitle text-truncate">Single line or multiline text area.</p>
                  </div>
                </div>
                <div class="ddm-drag-item list-group-item list-group-item-flex" data-field-type-name="radio" ref="fieldType_radio">
                  <div class="autofit-col"><span class="sticker sticker-secondary"><span class="inline-item"><svg class="lexicon-icon lexicon-icon-radio-button" aria-hidden="true">
                          <use xlink:href="icons.svg#radio-button"></use>
                        </svg></span></span></div>
                  <div class="autofit-col autofit-col-expand">
                    <h4 class="list-group-title text-truncate"><span>Single Selection</span></h4>
                    <p class="list-group-subtitle text-truncate">Select only one item with a radio button.</p>
                  </div>
                </div>
                <div class="ddm-drag-item list-group-item list-group-item-flex" data-field-type-name="select" ref="fieldType_select">
                  <div class="autofit-col"><span class="sticker sticker-secondary"><span class="inline-item"><svg class="lexicon-icon lexicon-icon-list" aria-hidden="true">
                          <use xlink:href="icons.svg#list"></use>
                        </svg></span></span></div>
                  <div class="autofit-col autofit-col-expand">
                    <h4 class="list-group-title text-truncate"><span>Select from list</span></h4>
                    <p class="list-group-subtitle text-truncate">Choose one or more options from a list.</p>
                  </div>
                </div>
                <div class="ddm-drag-item list-group-item list-group-item-flex" data-field-type-name="grid" ref="fieldType_grid">
                  <div class="autofit-col"><span class="sticker sticker-secondary"><span class="inline-item"><svg class="lexicon-icon lexicon-icon-grid" aria-hidden="true">
                          <use xlink:href="icons.svg#grid"></use>
                        </svg></span></span></div>
                  <div class="autofit-col autofit-col-expand">
                    <h4 class="list-group-title text-truncate"><span>Grid</span></h4>
                    <p class="list-group-subtitle text-truncate">Select options from a matrix.</p>
                  </div>
                </div>
                <div class="ddm-drag-item list-group-item list-group-item-flex" data-field-type-name="checkbox" ref="fieldType_checkbox">
                  <div class="autofit-col"><span class="sticker sticker-secondary"><span class="inline-item"><svg class="lexicon-icon lexicon-icon-select-from-list" aria-hidden="true">
                          <use xlink:href="icons.svg#select-from-list"></use>
                        </svg></span></span></div>
                  <div class="autofit-col autofit-col-expand">
                    <h4 class="list-group-title text-truncate"><span>Multiple Selection</span></h4>
                    <p class="list-group-subtitle text-truncate">Select multiple options using a checkbox.</p>
                  </div>
                </div>
              </div>
            </div>
          </div>
          <div class="panel panel-secondary"><a href="#ddm-field-types-customized-body" id="ddm-field-types-customized-header" aria-controls="collapseTwo" aria-expanded="true" class="collapse-icon panel-header panel-header-link" data-parent="#accordion03" data-toggle="liferay-collapse" role="tab"><span class="panel-title">field-types-customized-elements</span><span class="collapse-icon-closed"><svg aria-hidden="true" class="lexicon-icon lexicon-icon-angle-right">
                  <use xlink:href="icons.svg#angle-right"></use>
                </svg></span><span class="collapse-icon-open"><svg aria-hidden="true" class="lexicon-icon lexicon-icon-angle-down">
                  <use xlink:href="icons.svg#angle-down"></use>
                </svg></span></a>
            <div aria-labelledby="#ddm-field-types-customized-header" id="ddm-field-types-customized-body" class="panel-collapse show" role="tabpanel">
              <div class="panel-body p-0 m-0 list-group">
                <div class="ddm-drag-item list-group-item list-group-item-flex" data-field-type-name="custom_field" ref="fieldType_custom_field">
                  <div class="autofit-col"><span class="sticker sticker-secondary"><span class="inline-item"><svg class="lexicon-icon lexicon-icon-icon" aria-hidden="true">
                          <use xlink:href="icons.svg#icon"></use>
                        </svg></span></span></div>
                  <div class="autofit-col autofit-col-expand">
                    <h4 class="list-group-title text-truncate"><span>Custom Field</span></h4>
                    <p class="list-group-subtitle text-truncate">Custom field description.</p>
                  </div>
                </div>
              </div>
            </div>
          </div>
        </div>
      </div>
    </div>
  </div>
  <div class="fade modal" role="dialog" tabindex="-1">
    <div class="modal-dialog modal-sm">
      <div class="modal-content">
        <div class="modal-header">
          <div class="modal-title">cancel-field-changes-question</div><button class="btn close btn-unstyled" aria-label="close" type="button"><svg class="lexicon-icon lexicon-icon-times" focusable="false" role="presentation">
              <use xlink:href="icons.svg#times"></use>
            </svg></button>
        </div>
        <div class="modal-body">are-you-sure-you-want-to-cancel</div>
        <div class="modal-footer">
          <div class="modal-item-first">
            <div class="btn-group"></div>
          </div>
          <div class="modal-item-last">
            <div class="btn-group">
              <div class="btn-group-item"><button class="btn close-modal btn-secondary" type="button">dismiss</button></div>
              <div class="btn-group-item"><button class="btn btn-primary" type="button">yes-cancel</button></div>
            </div>
          </div>
        </div>
      </div>
    </div>
  </div>
</div>
`;

exports[`Sidebar fieldChangesCanceled(state, event) shows modal when cancel field chages option is clicked on the sidebar settings 1`] = `
<div class="fade modal" role="dialog" tabindex="-1">
  <div class="modal-dialog modal-sm">
    <div class="modal-content">
      <div class="modal-header">
        <div class="modal-title">cancel-field-changes-question</div><button class="btn close btn-unstyled" aria-label="close" type="button"><svg class="lexicon-icon lexicon-icon-times" focusable="false" role="presentation">
            <use xlink:href="icons.svg#times"></use>
          </svg></button>
      </div>
      <div class="modal-body">are-you-sure-you-want-to-cancel</div>
      <div class="modal-footer">
        <div class="modal-item-first">
          <div class="btn-group"></div>
        </div>
        <div class="modal-item-last">
          <div class="btn-group">
            <div class="btn-group-item"><button class="btn close-modal btn-secondary" type="button">dismiss</button></div>
            <div class="btn-group-item"><button class="btn btn-primary" type="button">yes-cancel</button></div>
          </div>
        </div>
      </div>
    </div>
  </div>
</div>
`;

exports[`Sidebar renders a Sidebar with fieldTypes 1`] = `
<div>
  <div class="sidebar-container" ref="container">
    <div class="sidebar sidebar-light">
      <nav class="component-tbar tbar">
        <div class="container-fluid">
          <ul class="tbar-nav">
            <li class="tbar-item tbar-item-expand text-left">
              <div class="tbar-section"><span class="text-truncate-inline"><span class="text-truncate">add-elements</span></span></div>
            </li>
            <li class="tbar-item"><a class="component-action sidebar-close" href="javascript:;" ref="closeButton" role="button"><svg aria-hidden="true" class="lexicon-icon lexicon-icon-times">
                  <use xlink:href="icons.svg#times"></use>
                </svg></a></li>
          </ul>
        </div>
      </nav>
      <nav class="component-navigation-bar navbar navigation-bar navbar-collapse-absolute navbar-expand-md navbar-underline"><a aria-controls="sidebarLightCollapse00" aria-expanded="false" aria-label="Toggle Navigation" class="collapsed navbar-toggler navbar-toggler-link" data-toggle="liferay-collapse" href="#sidebarLightCollapse00" role="button"><span class="navbar-text-truncate">Details</span><svg aria-hidden="true" class="lexicon-icon lexicon-icon-caret-bottom">
            <use xlink:href="icons.svg#caret-bottom"></use>
          </svg></a>
        <div class="collapse navbar-collapse" id="sidebarLightCollapse00">
          <ul class="nav navbar-nav" role="tablist">
            <li class="nav-item" data-index="0" ref="tab0"><a class="nav-link active" aria-controls="sidebarLightDetails" href="javascript:;" role="tab"><span class="navbar-text-truncate">elements</span></a></li>
            <li class="nav-item" data-index="1" ref="tab1"><a class="nav-link" aria-controls="sidebarLightDetails" href="javascript:;" role="tab"><span class="navbar-text-truncate">element-sets</span></a></li>
          </ul>
        </div>
      </nav>
      <div class="ddm-sidebar-body">
        <div aria-orientation="vertical" class="ddm-field-types-panel panel-group" id="accordion03" role="tablist">
          <div class="panel panel-secondary"><a href="#ddm-field-types-basic-body" id="ddm-field-types-basic-header" aria-controls="collapseTwo" aria-expanded="true" class="collapse-icon panel-header panel-header-link" data-parent="#accordion03" data-toggle="liferay-collapse" role="tab"><span class="panel-title">field-types-basic-elements</span><span class="collapse-icon-closed"><svg aria-hidden="true" class="lexicon-icon lexicon-icon-angle-right">
                  <use xlink:href="icons.svg#angle-right"></use>
                </svg></span><span class="collapse-icon-open"><svg aria-hidden="true" class="lexicon-icon lexicon-icon-angle-down">
                  <use xlink:href="icons.svg#angle-down"></use>
                </svg></span></a>
            <div aria-labelledby="#ddm-field-types-basic-header" id="ddm-field-types-basic-body" class="panel-collapse show" role="tabpanel">
              <div class="panel-body p-0 m-0 list-group">
                <div class="ddm-drag-item list-group-item list-group-item-flex" data-field-type-name="date" ref="fieldType_date">
                  <div class="autofit-col"><span class="sticker sticker-secondary"><span class="inline-item"><svg class="lexicon-icon lexicon-icon-calendar" aria-hidden="true">
                          <use xlink:href="icons.svg#calendar"></use>
                        </svg></span></span></div>
                  <div class="autofit-col autofit-col-expand">
                    <h4 class="list-group-title text-truncate"><span>Date</span></h4>
                    <p class="list-group-subtitle text-truncate">Select date from a Datepicker.</p>
                  </div>
                </div>
                <div class="ddm-drag-item list-group-item list-group-item-flex" data-field-type-name="text" ref="fieldType_text">
                  <div class="autofit-col"><span class="sticker sticker-secondary"><span class="inline-item"><svg class="lexicon-icon lexicon-icon-text" aria-hidden="true">
                          <use xlink:href="icons.svg#text"></use>
                        </svg></span></span></div>
                  <div class="autofit-col autofit-col-expand">
                    <h4 class="list-group-title text-truncate"><span>Text Field</span></h4>
                    <p class="list-group-subtitle text-truncate">Single line or multiline text area.</p>
                  </div>
                </div>
                <div class="ddm-drag-item list-group-item list-group-item-flex" data-field-type-name="radio" ref="fieldType_radio">
                  <div class="autofit-col"><span class="sticker sticker-secondary"><span class="inline-item"><svg class="lexicon-icon lexicon-icon-radio-button" aria-hidden="true">
                          <use xlink:href="icons.svg#radio-button"></use>
                        </svg></span></span></div>
                  <div class="autofit-col autofit-col-expand">
                    <h4 class="list-group-title text-truncate"><span>Single Selection</span></h4>
                    <p class="list-group-subtitle text-truncate">Select only one item with a radio button.</p>
                  </div>
                </div>
                <div class="ddm-drag-item list-group-item list-group-item-flex" data-field-type-name="select" ref="fieldType_select">
                  <div class="autofit-col"><span class="sticker sticker-secondary"><span class="inline-item"><svg class="lexicon-icon lexicon-icon-list" aria-hidden="true">
                          <use xlink:href="icons.svg#list"></use>
                        </svg></span></span></div>
                  <div class="autofit-col autofit-col-expand">
                    <h4 class="list-group-title text-truncate"><span>Select from list</span></h4>
                    <p class="list-group-subtitle text-truncate">Choose one or more options from a list.</p>
                  </div>
                </div>
                <div class="ddm-drag-item list-group-item list-group-item-flex" data-field-type-name="grid" ref="fieldType_grid">
                  <div class="autofit-col"><span class="sticker sticker-secondary"><span class="inline-item"><svg class="lexicon-icon lexicon-icon-grid" aria-hidden="true">
                          <use xlink:href="icons.svg#grid"></use>
                        </svg></span></span></div>
                  <div class="autofit-col autofit-col-expand">
                    <h4 class="list-group-title text-truncate"><span>Grid</span></h4>
                    <p class="list-group-subtitle text-truncate">Select options from a matrix.</p>
                  </div>
                </div>
                <div class="ddm-drag-item list-group-item list-group-item-flex" data-field-type-name="checkbox" ref="fieldType_checkbox">
                  <div class="autofit-col"><span class="sticker sticker-secondary"><span class="inline-item"><svg class="lexicon-icon lexicon-icon-select-from-list" aria-hidden="true">
                          <use xlink:href="icons.svg#select-from-list"></use>
                        </svg></span></span></div>
                  <div class="autofit-col autofit-col-expand">
                    <h4 class="list-group-title text-truncate"><span>Multiple Selection</span></h4>
                    <p class="list-group-subtitle text-truncate">Select multiple options using a checkbox.</p>
                  </div>
                </div>
              </div>
            </div>
          </div>
          <div class="panel panel-secondary"><a href="#ddm-field-types-customized-body" id="ddm-field-types-customized-header" aria-controls="collapseTwo" aria-expanded="true" class="collapse-icon panel-header panel-header-link" data-parent="#accordion03" data-toggle="liferay-collapse" role="tab"><span class="panel-title">field-types-customized-elements</span><span class="collapse-icon-closed"><svg aria-hidden="true" class="lexicon-icon lexicon-icon-angle-right">
                  <use xlink:href="icons.svg#angle-right"></use>
                </svg></span><span class="collapse-icon-open"><svg aria-hidden="true" class="lexicon-icon lexicon-icon-angle-down">
                  <use xlink:href="icons.svg#angle-down"></use>
                </svg></span></a>
            <div aria-labelledby="#ddm-field-types-customized-header" id="ddm-field-types-customized-body" class="panel-collapse show" role="tabpanel">
              <div class="panel-body p-0 m-0 list-group">
                <div class="ddm-drag-item list-group-item list-group-item-flex" data-field-type-name="custom_field" ref="fieldType_custom_field">
                  <div class="autofit-col"><span class="sticker sticker-secondary"><span class="inline-item"><svg class="lexicon-icon lexicon-icon-icon" aria-hidden="true">
                          <use xlink:href="icons.svg#icon"></use>
                        </svg></span></span></div>
                  <div class="autofit-col autofit-col-expand">
                    <h4 class="list-group-title text-truncate"><span>Custom Field</span></h4>
                    <p class="list-group-subtitle text-truncate">Custom field description.</p>
                  </div>
                </div>
              </div>
            </div>
          </div>
        </div>
      </div>
    </div>
  </div>
  <div class="fade modal" role="dialog" tabindex="-1">
    <div class="modal-dialog modal-sm">
      <div class="modal-content">
        <div class="modal-header">
          <div class="modal-title">cancel-field-changes-question</div><button class="btn close btn-unstyled" aria-label="close" type="button"><svg class="lexicon-icon lexicon-icon-times" focusable="false" role="presentation">
              <use xlink:href="icons.svg#times"></use>
            </svg></button>
        </div>
        <div class="modal-body">are-you-sure-you-want-to-cancel</div>
        <div class="modal-footer">
          <div class="modal-item-first">
            <div class="btn-group"></div>
          </div>
          <div class="modal-item-last">
            <div class="btn-group">
              <div class="btn-group-item"><button class="btn close-modal btn-secondary" type="button">dismiss</button></div>
              <div class="btn-group-item"><button class="btn btn-primary" type="button">yes-cancel</button></div>
            </div>
          </div>
        </div>
      </div>
    </div>
  </div>
</div>
`;
