// Jest Snapshot v1, https://goo.gl/fbAQLP

exports[`Validation renders checkbox to enable Validation 1`] = `
<div>
  <div
    class="form-group lfr-ddm-form-field-validation"
  >
    <div
      class="form-group hide"
      data-field-name="enableValidation"
    >
      <label
        class="ddm-toggle-switch toggle-switch"
      >
        <input
          class="toggle-switch-check"
          name="enableValidation"
          type="checkbox"
          value="true"
        />
        <span
          aria-hidden="true"
          class="toggle-switch-bar"
        >
          <span
            class="toggle-switch-handle"
          />
          <span
            class="toggle-switch-text toggle-switch-text-right"
          >
            Validator
          </span>
        </span>
      </label>
    </div>
  </div>
</div>
`;
