// Jest Snapshot v1, https://goo.gl/fbAQLP

exports[`FieldSets renders 1`] = `
<DocumentFragment>
  <div
    class="mt-2"
  >
    <div
      class="taglib-empty-result-message"
    >
      <div
        class="text-center"
      >
        <div
          class="taglib-empty-state empty-state-small"
        />
        <h1
          class="taglib-empty-result-message-title empty-state-title-small"
        >
          there-are-no-fieldsets
        </h1>
        <p
          class="empty-message-color taglib-empty-result-message-description"
        >
          there-are-no-fieldsets-description
        </p>
        <button
          class="add-fieldset btn btn-block btn-secondary"
          type="button"
        >
          create-new-fieldset
        </button>
      </div>
    </div>
  </div>
</DocumentFragment>
`;
